#-----------------------------------------------------------
# Vivado v2019.2.1 (64-bit)
# SW Build 2729669 on Thu Dec  5 04:48:12 MST 2019
# IP Build 2729494 on Thu Dec  5 07:38:25 MST 2019
# Start of session at: Tue Apr 21 18:40:38 2020
# Process ID: 98320
# Current directory: /run/media/fnavarro/Datos/fnavarro/6to/Tecnicas_Digitales_IV/Practicos/Entrenamiento
# Command line: vivado
# Log file: /run/media/fnavarro/Datos/fnavarro/6to/Tecnicas_Digitales_IV/Practicos/Entrenamiento/vivado.log
# Journal file: /run/media/fnavarro/Datos/fnavarro/6to/Tecnicas_Digitales_IV/Practicos/Entrenamiento/vivado.jou
#-----------------------------------------------------------
start_gui
open_project /run/media/fnavarro/Datos/fnavarro/6to/Tecnicas_Digitales_IV/Practicos/Entrenamiento/PE_7/PE_7.xpr
update_compile_order -fileset sources_1
launch_simulation -mode post-implementation -type timing
close_project
open_project /home/fnavarro/PE_7/PE_7.xpr
update_compile_order -fileset sources_1
launch_simulation -mode post-implementation -type timing
reset_run impl_1
launch_runs impl_1 -jobs 8
wait_on_run impl_1
close_design
launch_runs impl_1 -to_step write_bitstream -jobs 8
wait_on_run impl_1
open_hw_manager
connect_hw_server -allow_non_jtag
open_hw_target
set_property PROGRAM.FILE {/home/fnavarro/PE_7/PE_7.runs/impl_1/oe_counter.bit} [get_hw_devices xc7a35t_0]
current_hw_device [get_hw_devices xc7a35t_0]
refresh_hw_device -update_hw_probes false [lindex [get_hw_devices xc7a35t_0] 0]
set_property PROBES.FILE {} [get_hw_devices xc7a35t_0]
set_property FULL_PROBES.FILE {} [get_hw_devices xc7a35t_0]
set_property PROGRAM.FILE {/home/fnavarro/PE_7/PE_7.runs/impl_1/oe_counter.bit} [get_hw_devices xc7a35t_0]
program_hw_devices [get_hw_devices xc7a35t_0]
refresh_hw_device [lindex [get_hw_devices xc7a35t_0] 0]
launch_simulation -mode post-implementation -type timing
close_project
